1 NUM 9510901
2 RBRACE }
3 ID uRsn0wM3ioCaoc5ud53iR
3 RELOP ==
4 RELOP !=
4 OR or
4 ID vWU9tQvgTnv7hdgW53kT74amBx1vPxP176dDdTkPL71bA
5 NUM 257486
6 ID b
7 ID m6CkK7N95Wfpd4Utm33zEs953vq27mREV0dkUVYzCZ2IYP56k7OE1Dv54
7 RELOP ==
7 BINOP -
8 NUM 460
ERROR: Undefined escape sequence x18
