1 RELOP ==
1 ID MqJLT7563P3eQGiLzFxQ
1 BINOP -
ERROR: Undefined escape sequence x1C
