1 COMMENT //
2 NUM 7761696
3 BINOP *
3 BINOP *
4 ID BcpkRt
4 BYTE byte
4 NUM 24051986
4 NUM 0
4 NUM 2044
5 INT int
5 COMMENT //
7 BREAK break
8 RELOP !=
8 COMMA ,
8 ID p6OtCJeyN02ss6MBt3AyV2BWwl75O9zH3yQRLfaz4n9WTc3Rg1tT451597
8 OR or
8 ELSE else
8 RPAREN )
ERROR: Undefined escape sequence x01
