line 4: prototype mismatch, function foo expects parameters (int)
